============================= test session starts =============================
platform win32 -- Python 3.10.11, pytest-9.0.2, pluggy-1.6.0 -- D:\Finished Projects\Resume\Document_validator_backend\.venv\Scripts\python.exe
cachedir: .pytest_cache
rootdir: D:\Finished Projects\Resume\Document_validator_backend
configfile: pyproject.toml
testpaths: tests
plugins: anyio-4.12.1, asyncio-1.3.0
asyncio: mode=auto, debug=False, asyncio_default_fixture_loop_scope=None, asyncio_default_test_loop_scope=function
collecting ... collected 11 items

tests/test_meta.py::test_health_endpoint ERROR                           [  9%]
tests/test_meta.py::test_version_endpoint ERROR                          [ 18%]
tests/test_validate_ok.py::test_validate_happy_path ERROR                [ 27%]
tests/test_validate_rules.py::test_invalid_date_order ERROR              [ 36%]
tests/test_validate_rules.py::test_invalid_insured_value ERROR           [ 45%]
tests/test_validate_rules.py::test_invalid_vessel_name ERROR             [ 54%]
tests/test_validate_rules.py::test_invalid_policy_number ERROR           [ 63%]
tests/test_validate_rules.py::test_thousand_separator_and_currency ERROR [ 72%]
tests/test_validate_rules.py::test_malformed_date ERROR                  [ 81%]
tests/test_validate_rules.py::test_vessel_name_case_insensitive ERROR    [ 90%]
tests/test_validate_rules.py::test_real_extractor_integration ERROR      [100%]

=================================== ERRORS ====================================
___________________ ERROR at setup of test_health_endpoint ____________________

    @pytest_asyncio.fixture
    async def client() -> AsyncClient:
>       async with AsyncClient(app=app, base_url="http://test") as async_client:
E       TypeError: AsyncClient.__init__() got an unexpected keyword argument 'app'

tests\test_meta.py:12: TypeError
___________________ ERROR at setup of test_version_endpoint ___________________

    @pytest_asyncio.fixture
    async def client() -> AsyncClient:
>       async with AsyncClient(app=app, base_url="http://test") as async_client:
E       TypeError: AsyncClient.__init__() got an unexpected keyword argument 'app'

tests\test_meta.py:12: TypeError
_________________ ERROR at setup of test_validate_happy_path __________________

    @pytest_asyncio.fixture
    async def client() -> AsyncClient:
>       async with AsyncClient(app=app, base_url="http://test") as async_client:
E       TypeError: AsyncClient.__init__() got an unexpected keyword argument 'app'

tests\test_validate_ok.py:29: TypeError
__________________ ERROR at setup of test_invalid_date_order __________________

    @pytest_asyncio.fixture
    async def client() -> AsyncClient:
>       async with AsyncClient(app=app, base_url="http://test") as async_client:
E       TypeError: AsyncClient.__init__() got an unexpected keyword argument 'app'

tests\test_validate_rules.py:29: TypeError
________________ ERROR at setup of test_invalid_insured_value _________________

    @pytest_asyncio.fixture
    async def client() -> AsyncClient:
>       async with AsyncClient(app=app, base_url="http://test") as async_client:
E       TypeError: AsyncClient.__init__() got an unexpected keyword argument 'app'

tests\test_validate_rules.py:29: TypeError
_________________ ERROR at setup of test_invalid_vessel_name __________________

    @pytest_asyncio.fixture
    async def client() -> AsyncClient:
>       async with AsyncClient(app=app, base_url="http://test") as async_client:
E       TypeError: AsyncClient.__init__() got an unexpected keyword argument 'app'

tests\test_validate_rules.py:29: TypeError
________________ ERROR at setup of test_invalid_policy_number _________________

    @pytest_asyncio.fixture
    async def client() -> AsyncClient:
>       async with AsyncClient(app=app, base_url="http://test") as async_client:
E       TypeError: AsyncClient.__init__() got an unexpected keyword argument 'app'

tests\test_validate_rules.py:29: TypeError
___________ ERROR at setup of test_thousand_separator_and_currency ____________

    @pytest_asyncio.fixture
    async def client() -> AsyncClient:
>       async with AsyncClient(app=app, base_url="http://test") as async_client:
E       TypeError: AsyncClient.__init__() got an unexpected keyword argument 'app'

tests\test_validate_rules.py:29: TypeError
____________________ ERROR at setup of test_malformed_date ____________________

    @pytest_asyncio.fixture
    async def client() -> AsyncClient:
>       async with AsyncClient(app=app, base_url="http://test") as async_client:
E       TypeError: AsyncClient.__init__() got an unexpected keyword argument 'app'

tests\test_validate_rules.py:29: TypeError
_____________ ERROR at setup of test_vessel_name_case_insensitive _____________

    @pytest_asyncio.fixture
    async def client() -> AsyncClient:
>       async with AsyncClient(app=app, base_url="http://test") as async_client:
E       TypeError: AsyncClient.__init__() got an unexpected keyword argument 'app'

tests\test_validate_rules.py:29: TypeError
______________ ERROR at setup of test_real_extractor_integration ______________

    @pytest_asyncio.fixture
    async def client() -> AsyncClient:
>       async with AsyncClient(app=app, base_url="http://test") as async_client:
E       TypeError: AsyncClient.__init__() got an unexpected keyword argument 'app'

tests\test_validate_rules.py:29: TypeError
=========================== short test summary info ===========================
ERROR tests/test_meta.py::test_health_endpoint - TypeError: AsyncClient.__ini...
ERROR tests/test_meta.py::test_version_endpoint - TypeError: AsyncClient.__in...
ERROR tests/test_validate_ok.py::test_validate_happy_path - TypeError: AsyncC...
ERROR tests/test_validate_rules.py::test_invalid_date_order - TypeError: Asyn...
ERROR tests/test_validate_rules.py::test_invalid_insured_value - TypeError: A...
ERROR tests/test_validate_rules.py::test_invalid_vessel_name - TypeError: Asy...
ERROR tests/test_validate_rules.py::test_invalid_policy_number - TypeError: A...
ERROR tests/test_validate_rules.py::test_thousand_separator_and_currency - Ty...
ERROR tests/test_validate_rules.py::test_malformed_date - TypeError: AsyncCli...
ERROR tests/test_validate_rules.py::test_vessel_name_case_insensitive - TypeE...
ERROR tests/test_validate_rules.py::test_real_extractor_integration - TypeErr...
============================= 11 errors in 1.06s ==============================
